
========================================
AI狼人杀游戏日志
游戏ID: 7dd99ad8
开始时间: 2025-09-23 18:11:22
========================================
18:11:22 [preparation] 系统：游戏开始，参与玩家：AI玩家1(werewolf), AI玩家2(villager), AI玩家3(villager), AI玩家4(werewolf), AI玩家5(witch), AI玩家6(seer)
18:11:22 [第1轮-night] 系统：第1轮开始
18:11:22 [第1轮-night] 系统：night -> night
18:11:22 [第1轮-night] AI玩家1：对AI玩家5使用杀人
18:11:22 [第1轮-night] 系统：AI玩家6查验AI玩家2，结果：good
18:11:22 [第1轮-night] AI玩家5：对AI玩家5使用救人
18:11:24 [第1轮-day] 系统：day -> day
18:11:24 [第1轮-day] AI玩家1：我觉得大家应该仔细分析昨晚的情况
18:11:25 [第1轮-day] AI玩家2：我觉得某些人的发言很可疑
18:11:26 [第1轮-day] AI玩家3：我是村民，我们要找出狼人
18:11:27 [第1轮-day] AI玩家4：我觉得大家应该仔细分析昨晚的情况
18:11:28 [第1轮-day] AI玩家5：我会在关键时刻使用我的能力
18:11:29 [第1轮-day] AI玩家6：大家要相信我的判断
18:11:30 [第1轮-day] AI玩家1：我们要团结起来找出真正的狼人
18:11:31 [第1轮-day] AI玩家2：我是村民，我们要找出狼人
18:11:32 [第1轮-day] AI玩家3：我觉得某些人的发言很可疑
18:11:33 [第1轮-day] AI玩家4：我觉得大家应该仔细分析昨晚的情况
18:11:34 [第1轮-day] AI玩家5：我觉得我们需要更多信息
18:11:35 [第1轮-day] AI玩家6：我是预言家，昨晚验了一个人
18:11:36 [第1轮-voting] 系统：voting -> voting
18:11:36 [第1轮-voting] AI玩家1：投票给AI玩家2
18:11:36 [第1轮-voting] AI玩家2：投票给AI玩家6
18:11:36 [第1轮-voting] AI玩家3：投票给AI玩家6
18:11:36 [第1轮-voting] AI玩家4：投票给AI玩家2
18:11:36 [第1轮-voting] AI玩家5：投票给AI玩家2
18:11:36 [第1轮-voting] AI玩家6：投票给AI玩家1
18:11:36 [第1轮-voting] 系统：AI玩家2被投票淘汰（得票3票）
18:11:39 [第2轮-night] 系统：第2轮开始
18:11:39 [第2轮-night] 系统：night -> night
18:11:39 [第2轮-night] AI玩家1：对AI玩家3使用杀人
18:11:39 [第2轮-night] 系统：AI玩家6查验AI玩家1，结果：bad
18:11:39 [第2轮-night] 系统：AI玩家3被狼人杀害
18:11:41 [第2轮-night] 系统：游戏结束，狼人获胜。原因：狼人数量占优
