
========================================
AI狼人杀游戏日志
游戏ID: d32721f2
开始时间: 2025-09-23 21:29:23
========================================
21:29:23 [preparation] 系统：游戏开始，参与玩家：AI玩家1(werewolf), AI玩家2(seer), AI玩家3(werewolf), AI玩家4(witch), AI玩家5(villager), AI玩家6(villager), AI玩家7(villager), AI玩家8(werewolf), AI玩家9(villager)
21:29:23 [第1轮-night] 系统：第1轮开始
21:29:23 [第1轮-night] 系统：night -> night
21:29:23 [第1轮-night] AI玩家1：对AI玩家2使用杀人
21:29:23 [第1轮-night] 系统：AI玩家2查验AI玩家6，结果：good
21:29:23 [第1轮-night] AI玩家4：对AI玩家2使用救人
21:29:25 [第1轮-day] 系统：day -> day
21:29:25 [第1轮-day] AI玩家1：我怀疑预言家可能是假的
21:29:26 [第1轮-day] AI玩家2：大家要相信我的判断
21:29:27 [第1轮-day] AI玩家3：我怀疑预言家可能是假的
21:29:28 [第1轮-day] AI玩家4：我觉得我们需要更多信息
21:29:29 [第1轮-day] AI玩家5：我是村民，我们要找出狼人
21:29:30 [第1轮-day] AI玩家6：我支持预言家的判断
21:29:32 [第1轮-day] AI玩家7：我觉得某些人的发言很可疑
21:29:33 [第1轮-day] AI玩家8：我怀疑预言家可能是假的
21:29:34 [第1轮-day] AI玩家9：我支持预言家的判断
21:29:35 [第1轮-day] AI玩家1：我们要团结起来找出真正的狼人
21:29:36 [第1轮-day] AI玩家2：大家要相信我的判断
21:29:37 [第1轮-day] AI玩家3：我怀疑预言家可能是假的
21:29:38 [第1轮-day] AI玩家4：我觉得我们需要更多信息
21:29:39 [第1轮-day] AI玩家5：我支持预言家的判断
21:29:40 [第1轮-day] AI玩家6：我觉得某些人的发言很可疑
21:29:41 [第1轮-day] AI玩家7：我觉得某些人的发言很可疑
21:29:42 [第1轮-day] AI玩家8：我们要团结起来找出真正的狼人
21:29:43 [第1轮-day] AI玩家9：我支持预言家的判断
21:29:44 [第1轮-voting] 系统：voting -> voting
