
========================================
AI狼人杀游戏日志
游戏ID: 743c86c2
开始时间: 2025-09-23 17:43:39
========================================
17:43:39 [preparation] 系统：游戏开始，参与玩家：AI玩家1(werewolf), AI玩家2(witch), AI玩家3(villager), AI玩家4(villager), AI玩家5(seer), AI玩家6(werewolf)
17:43:39 [第1轮-night] 系统：第1轮开始
17:43:39 [第1轮-night] 系统：night -> night
17:43:39 [第1轮-night] AI玩家1：对AI玩家3使用杀人
17:43:39 [第1轮-night] 系统：AI玩家5查验AI玩家4，结果：good
17:43:39 [第1轮-night] AI玩家2：对AI玩家3使用救人
17:43:41 [第1轮-day] 系统：day -> day
17:43:41 [第1轮-day] AI玩家1：我们要团结起来找出真正的狼人
17:43:42 [第1轮-day] AI玩家2：我会在关键时刻使用我的能力
17:43:43 [第1轮-day] AI玩家3：我是村民，我们要找出狼人
17:43:44 [第1轮-day] AI玩家4：我是村民，我们要找出狼人
17:43:45 [第1轮-day] AI玩家5：根据我的查验结果，我有重要信息要分享
17:43:46 [第1轮-day] AI玩家6：我们要团结起来找出真正的狼人
17:43:47 [第1轮-day] AI玩家1：我怀疑预言家可能是假的
17:43:48 [第1轮-day] AI玩家2：我觉得我们需要更多信息
17:43:49 [第1轮-day] AI玩家3：我是村民，我们要找出狼人
17:43:50 [第1轮-day] AI玩家4：我支持预言家的判断
17:43:51 [第1轮-day] AI玩家5：根据我的查验结果，我有重要信息要分享
17:43:52 [第1轮-day] AI玩家6：我怀疑预言家可能是假的
17:43:54 [第1轮-voting] 系统：voting -> voting
17:43:54 [第1轮-voting] AI玩家1：投票给AI玩家4
17:43:54 [第1轮-voting] AI玩家2：投票给AI玩家6
17:43:54 [第1轮-voting] AI玩家3：投票给AI玩家5
17:43:54 [第1轮-voting] AI玩家4：投票给AI玩家3
17:43:54 [第1轮-voting] AI玩家5：投票给AI玩家1
17:43:54 [第1轮-voting] AI玩家6：投票给AI玩家2
17:43:54 [第1轮-voting] 系统：AI玩家3被投票淘汰（得票1票）
17:43:57 [第2轮-night] 系统：第2轮开始
17:43:57 [第2轮-night] 系统：night -> night
17:43:57 [第2轮-night] AI玩家1：对AI玩家4使用杀人
17:43:57 [第2轮-night] 系统：AI玩家5查验AI玩家4，结果：good
17:43:57 [第2轮-night] 系统：AI玩家4被狼人杀害
17:43:59 [第2轮-night] 系统：游戏结束，狼人获胜。原因：狼人数量占优
